// Jest Snapshot v1, https://goo.gl/fbAQLP

exports[`RAndMDetailContainer displays a detail view of a single Rick and Morty Character 1`] = `
<div>
  <main>
    <a
      href="/"
    >
      Portal to Homepage
    </a>
    <ul
      aria-label="character details"
    >
      <li>
        <img
          alt="Morty Smith"
          src="https://rickandmortyapi.com/api/character/avatar/2.jpeg"
        />
      </li>
      <li>
        Morty Smith
      </li>
      <li>
        Alive
      </li>
      <li>
        Human
      </li>
    </ul>
  </main>
</div>
`;
